PS C:\Users\rayph\workshop> git add.
git: 'add.' is not a git command. See 'git --help'.

The most similar command is
        add
PS C:\Users\rayph\workshop> git add .
PS C:\Users\rayph\workshop> git status
On branch main
Your branch is up to date with 'origin/main'.

Changes to be committed:
  (use "git restore --staged <file>..." to unstage)
        new file:   hello.c

PS C:\Users\rayph\workshop> git commit -m "message"
[main 4c178c0] message
 1 file changed, 6 insertions(+)
 create mode 100644 hello.c
PS C:\Users\rayph\workshop> git push
Enumerating objects: 4, done.
Counting objects: 100% (4/4), done.
Delta compression using up to 12 threads
Compressing objects: 100% (3/3), done.
Writing objects: 100% (3/3), 334 bytes | 334.00 KiB/s, done.
Total 3 (delta 0), reused 0 (delta 0), pack-reused 0 (from 0)
To https://github.com/ganeshrayphale/workshop.git
   beffa1d..4c178c0  main -> main
PS C:\Users\rayph\workshop>  